Microchip MPLAB XC8 Compiler V2.46

Linker command line:

-W-3 \
  --edf=C:\Program Files\Microchip\xc8\v2.46\pic\dat\20240104201356_en.msgs \
  -cn -h+dist/default/production\interfacing_Project.X.production.sym \
  --cmf=dist/default/production\interfacing_Project.X.production.cmf -z \
  -Q18F46K20 -oC:\Users\LEGION\AppData\Local\Temp\xcBsrq8.1\driver_tmp_3.o \
  --defsym=__MPLAB_BUILD=1 --fixupoverflow=error \
  -Mdist/default/production/interfacing_Project.X.production.map \
  --md=C:\Users\LEGION\AppData\Local\Temp\xcBsrq8.1\driver_tmp_0.dat -E1 \
  -ver=XC8 Compiler --acfsm=1493 -ACODE=00h-0FFFFh -ACONST=00h-0FFFFh \
  -ASMALLCONST=01000h-010FFhx240 -AMEDIUMCONST=01000h-0FFFFh \
  -ACOMRAM=01h-05Fh -AABS1=00h-0F5Fh -ABIGRAM=01h-0F5Fh \
  -ARAM=060h-0FFh,0100h-01FFhx14,0F00h-0F5Fh -ABANK0=060h-0FFh \
  -ABANK1=0100h-01FFh -ABANK2=0200h-02FFh -ABANK3=0300h-03FFh \
  -ABANK4=0400h-04FFh -ABANK5=0500h-05FFh -ABANK6=0600h-06FFh \
  -ABANK7=0700h-07FFh -ABANK8=0800h-08FFh -ABANK9=0900h-09FFh \
  -ABANK10=0A00h-0AFFh -ABANK11=0B00h-0BFFh -ABANK12=0C00h-0CFFh \
  -ABANK13=0D00h-0DFFh -ABANK14=0E00h-0EFFh -ABANK15=0F00h-0F5Fh \
  -ASFR=0F60h-0FFFh -ABIGSFR=0F60h-0FFFh -ACONFIG=0300000h-030000Dh \
  -AIDLOC=0200000h-0200007h -AEEDATA=0F00000h-0F003FFh -peeprom_data=EEDATA \
  -preset_vec=00h,intcode=8h,intcodelo,powerup,init -pramtop=01000h \
  -psmallconst=SMALLCONST -pmediumconst=MEDIUMCONST -pconst=CONST \
  -AFARRAM=00h-00h \
  -prdata=COMRAM,nvrram=COMRAM,nvbit=COMRAM,rbss=COMRAM,rbit=COMRAM \
  -pfarbss=FARRAM,fardata=FARRAM,nvFARRAM=FARRAM \
  -pintsave_regs=BIGRAM,bigbss=BIGRAM,bigdata=BIGRAM -pbss=RAM \
  -pidata=CODE,irdata=CODE,ibigdata=CODE,ifardata=CODE -prparam=COMRAM \
  C:\Users\LEGION\AppData\Local\Temp\xcBsrq8.1\driver_tmp_14.o \
  dist/default/production\interfacing_Project.X.production.o 

Object code version is 3.11

Machine type is 18F46K20



                Name                               Link     Load   Length Selector   Space Scale
C:\Users\LEGION\AppData\Local\Temp\xcBsrq8.1\driver_tmp_14.o
                config                           300000   300000        E        0       4
                init                                16E      16E        4        4       0
                reset_vec                             0        0        4        0       0
dist/default/production\interfacing_Project.X.production.o
                intcode                               8        8      166        4       0
                config                           300000   300000        E        0       4
                temp                                 56       56        1        1       1
                smallconst                         1000     1000       2E      800       0
                text44                             1F50     1F50       B2      817       0
                text43                             2274     2274       72      817       0
                text42                             28F8     28F8       2E      817       0
                text41                             2984     2984        4     14BA       0
                text40                             2940     2940       1A      817       0
                text39                             2980     2980        4     14BA       0
                text38                             297C     297C        4     14BA       0
                text37                             2978     2978        4     14BA       0
                text36                             2974     2974        4     14BA       0
                text34                             1CB8     1CB8       F2      817       0
                text33                             286C     286C       30      817       0
                text32                             2926     2926       1A      817       0
                text31                             2806     2806       34      817       0
                text30                             102E     102E      42A      817       0
                text29                             1BB0     1BB0      108      817       0
                text28                             165E     165E      1B4      817       0
                text27                             26C8     26C8       58      817       0
                text26                             260E     260E       5E      817       0
                text25                             2002     2002       AC      817       0
                text24                             198E     198E      112      817       0
                text23                             1AA0     1AA0      110      817       0
                text22                             25B0     25B0       5E      817       0
                text21                             2550     2550       60      817       0
                text20                             2760     2760       3E      817       0
                text19                             2354     2354       6E      817       0
                text18                             24F0     24F0       60      817       0
                text17                             1DAA     1DAA       F0      817       0
                text16                             23C2     23C2       66      817       0
                text15                             283A     283A       32      817       0
                text14                             295A     295A       10      817       0
                text13                             2200     2200       74      817       0
                text12                             248C     248C       64      817       0
                text11                             2988     2988        2     14BA       0
                text10                             20AE     20AE       AA      817       0
                text9                              1812     1812      17C      817       0
                text8                              2720     2720       40      817       0
                text7                              27D2     27D2       34      817       0
                text6                              1E9A     1E9A       B6      817       0
                text5                              266C     266C       5C      817       0
                text4                              2428     2428       64      817       0
                text3                              2158     2158       A8      817       0
                text2                              28CA     28CA       2E      817       0
                text1                              289C     289C       2E      817       0
                text0                              1458     1458      206      817       0
                cstackCOMRAM                          1        1       33        1       1
                cstackBANK0                          E1       E1        A       60       1
                bssBANK1                            100      100       20      100       1
                dataBANK0                            AD       AD       34       60       1
                bssBANK0                             60       60       4D       60       1
                dataCOMRAM                           4D       4D        9        1       1
                bssCOMRAM                            34       34       19        1       1
                cinit                              22E6     22E6       6E      817       0
                idataBANK0                         279E     279E       34      817       0
                idataCOMRAM                        296A     296A        9      817       0

TOTAL           Name                               Link     Load   Length     Space
        CLASS   CODE           
                intcode                               8        8      166         0
                init                                16E      16E        4         0
                reset_vec                             0        0        4         0
                text44                             1F50     1F50       B2         0
                text43                             2274     2274       72         0
                text42                             28F8     28F8       2E         0
                text41                             2984     2984        4         0
                text40                             2940     2940       1A         0
                text39                             2980     2980        4         0
                text38                             297C     297C        4         0
                text37                             2978     2978        4         0
                text36                             2974     2974        4         0
                text34                             1CB8     1CB8       F2         0
                text33                             286C     286C       30         0
                text32                             2926     2926       1A         0
                text31                             2806     2806       34         0
                text30                             102E     102E      42A         0
                text29                             1BB0     1BB0      108         0
                text28                             165E     165E      1B4         0
                text27                             26C8     26C8       58         0
                text26                             260E     260E       5E         0
                text25                             2002     2002       AC         0
                text24                             198E     198E      112         0
                text23                             1AA0     1AA0      110         0
                text22                             25B0     25B0       5E         0
                text21                             2550     2550       60         0
                text20                             2760     2760       3E         0
                text19                             2354     2354       6E         0
                text18                             24F0     24F0       60         0
                text17                             1DAA     1DAA       F0         0
                text16                             23C2     23C2       66         0
                text15                             283A     283A       32         0
                text14                             295A     295A       10         0
                text13                             2200     2200       74         0
                text12                             248C     248C       64         0
                text11                             2988     2988        2         0
                text10                             20AE     20AE       AA         0
                text9                              1812     1812      17C         0
                text8                              2720     2720       40         0
                text7                              27D2     27D2       34         0
                text6                              1E9A     1E9A       B6         0
                text5                              266C     266C       5C         0
                text4                              2428     2428       64         0
                text3                              2158     2158       A8         0
                text2                              28CA     28CA       2E         0
                text1                              289C     289C       2E         0
                text0                              1458     1458      206         0
                cinit                              22E6     22E6       6E         0
                idataBANK0                         279E     279E       34         0
                idataCOMRAM                        296A     296A        9         0

        CLASS   CONST          

        CLASS   SMALLCONST     
                smallconst                         1000     1000       2E         0

        CLASS   MEDIUMCONST    

        CLASS   COMRAM         
                temp                                 56       56        1         1
                cstackCOMRAM                          1        1       33         1
                dataCOMRAM                           4D       4D        9         1
                bssCOMRAM                            34       34       19         1

        CLASS   ABS1           

        CLASS   BIGRAM         

        CLASS   RAM            

        CLASS   BANK0          
                cstackBANK0                          E1       E1        A         1
                dataBANK0                            AD       AD       34         1
                bssBANK0                             60       60       4D         1

        CLASS   BANK1          
                bssBANK1                            100      100       20         1

        CLASS   BANK2          

        CLASS   BANK3          

        CLASS   BANK4          

        CLASS   BANK5          

        CLASS   BANK6          

        CLASS   BANK7          

        CLASS   BANK8          

        CLASS   BANK9          

        CLASS   BANK10         

        CLASS   BANK11         

        CLASS   BANK12         

        CLASS   BANK13         

        CLASS   BANK14         

        CLASS   BANK15         

        CLASS   SFR            

        CLASS   BIGSFR         

        CLASS   CONFIG         
                config                           300000   300000        E         4

        CLASS   IDLOC          

        CLASS   EEDATA         

        CLASS   FARRAM         

        CLASS   HEAP           

        CLASS   STACK          



SEGMENTS        Name                           Load    Length   Top    Selector   Space  Class

                reset_vec                      000000  000004  000004         0       0  CODE    
                cstackCOMRAM                   000001  000056  000057         1       1  COMRAM  
                intcode                        000008  00016A  000172         4       0  CODE    
                bssBANK0                       000060  00008B  0000EB        60       1  BANK0   
                bssBANK1                       000100  000020  000120       100       1  BANK1   
                smallconst                     001000  00002E  00102E       800       0  SMALLCON
                text30                         00102E  001945  002973       817       0  CODE    
                text36                         002974  000016  00298A      14BA       0  CODE    


UNUSED ADDRESS RANGES

        Name                Unused          Largest block    Delta
        BANK0            0000EB-0000FF               15
        BANK1            000120-0001FF               E0
        BANK10           000A00-000AFF              100
        BANK11           000B00-000BFF              100
        BANK12           000C00-000CFF              100
        BANK13           000D00-000DFF              100
        BANK14           000E00-000EFF              100
        BANK15           000F00-000F5F               60
        BANK2            000200-0002FF              100
        BANK3            000300-0003FF              100
        BANK4            000400-0004FF              100
        BANK5            000500-0005FF              100
        BANK6            000600-0006FF              100
        BANK7            000700-0007FF              100
        BANK8            000800-0008FF              100
        BANK9            000900-0009FF              100
        BIGRAM           000057-00005F                9
                         0000EB-0000FF               15
                         000120-000F5F              E40
        BIGSFR           000F60-000FFF               A0
        CODE             000004-000007                4
                         000172-000FFF              E8E
                         002973-002973                1
                         00298A-00FFFF             D676
        COMRAM           000057-00005F                9
        CONST            000004-000007                4
                         000172-000FFF              E8E
                         002973-002973                1
                         00298A-00FFFF             D676
        EEDATA           F00000-F003FF              400
        IDLOC            200000-200007                8
        MEDIUMCONST      002973-002973                1
                         00298A-00FFFF             D676
        RAM              0000EB-0000FF               15
                         000120-000F5F              100
        SFR              000F60-000FFF               A0
        SMALLCONST       002973-002973                1
                         00298A-00FFFF              100

                                  Symbol Table

?___flmul                                  cstackCOMRAM 000017
?___fltol                                  cstackCOMRAM 000030
?___lwdiv                                  cstackCOMRAM 000009
?___lwmod                                  cstackCOMRAM 000009
?___xxtofl                                 cstackCOMRAM 000009
?_sprintf                                  cstackCOMRAM 00001F
?_vfprintf                                 cstackCOMRAM 00001B
ADC_GetConversionResult@adc                cstackCOMRAM 000001
ADC_GetConversionResult@conversion_result  cstackCOMRAM 000002
ADC_SelectChannel@adc                      cstackCOMRAM 00000C
ADC_SelectChannel@channel                  cstackCOMRAM 00000D
ADC_StartConversion@adc                    cstackCOMRAM 000009
ADC_StartConversion_Interrupt@adc          cstackCOMRAM 00000F
ADC_StartConversion_Interrupt@channel      cstackCOMRAM 000010
ADC_StartConversion_Interrupt@ret          cstackCOMRAM 000011
ADC_init@adc                               cstackCOMRAM 00000C
ADC_init@ret                               cstackCOMRAM 00000E
RB4_ISR@source                             cstackCOMRAM 000001
_ADCON0bits                                (abs)        000FC2
_ADCON1bits                                (abs)        000FC1
_ADCON2bits                                (abs)        000FC0
_ADC_GetConversionResult                   text44       001F50
_ADC_ISR                                   text42       0028F8
_ADC_Interrupt                             text43       002274
_ADC_Interrupt_Handler                     bssCOMRAM    00003A
_ADC_SelectChannel                         text33       00286C
_ADC_StartConversion                       text32       002926
_ADC_StartConversion_Interrupt             text31       002806
_ADC_flag                                  bssCOMRAM    00003E
_ADC_init                                  text25       002002
_ADRESH                                    (abs)        000FC4
_ADRESL                                    (abs)        000FC3
_ANSELHbits                                (abs)        000F7F
_ANSELbits                                 (abs)        000F7E
_CFGS                                      (abs)        007D36
_EEADR                                     (abs)        000FA9
_EEADRH                                    (abs)        000FAA
_EECON1bits                                (abs)        000FA6
_EECON2                                    (abs)        000FA7
_EEDATA                                    (abs)        000FA8
_EEPGD                                     (abs)        007D37
_INT0_ISR                                  text41       002984
_INT0_InterruptHandler                     bssCOMRAM    000038
_INT1_InterruptHandler                     bssCOMRAM    000036
_INT2_InterruptHandler                     bssBANK0     00009F
_INTCON2bits                               (abs)        000FF1
_INTCON3bits                               (abs)        000FF0
_INTCONbits                                (abs)        000FF2
_IOCBbits                                  (abs)        000F7D
_InterruptManager                          intcode      000008
_LATA                                      (abs)        000F89
_LATB                                      (abs)        000F8A
_LATC                                      (abs)        000F8B
_LATD                                      (abs)        000F8C
_LATE                                      (abs)        000F8D
_PIE1bits                                  (abs)        000F9D
_PIE2bits                                  (abs)        000FA0
_PIR1bits                                  (abs)        000F9E
_PIR2bits                                  (abs)        000FA1
_PORTA                                     (abs)        000F80
_PORTB                                     (abs)        000F81
_PORTBbits                                 (abs)        000F81
_PORTC                                     (abs)        000F82
_PORTD                                     (abs)        000F83
_PORTE                                     (abs)        000F84
_RB4_ISR                                   text40       002940
_RB4_InterruptHandlerHigh                  bssBANK0     00009B
_RB4_InterruptHandlerLow                   bssBANK0     00009D
_RB5_InterruptHandlerHigh                  bssBANK0     000097
_RB5_InterruptHandlerLow                   bssBANK0     000099
_RB6_InterruptHandlerHigh                  bssBANK0     000093
_RB6_InterruptHandlerLow                   bssBANK0     000095
_RB7_InterruptHandlerHigh                  bssBANK0     00008F
_RB7_InterruptHandlerLow                   bssBANK0     000091
_T0CONbits                                 (abs)        000FD5
_T1CONbits                                 (abs)        000FCD
_T2CONbits                                 (abs)        000FCA
_T3CONbits                                 (abs)        000FB1
_TMR0H                                     (abs)        000FD7
_TMR0L                                     (abs)        000FD6
_TMR0_ISR                                  text39       002980
_TMR1H                                     (abs)        000FCF
_TMR1L                                     (abs)        000FCE
_TMR1_ISR                                  text38       00297C
_TMR2                                      (abs)        000FCC
_TMR2_ISR                                  text37       002978
_TMR3H                                     (abs)        000FB3
_TMR3L                                     (abs)        000FB2
_TMR3_ISR                                  text36       002974
_TRISA                                     (abs)        000F92
_TRISB                                     (abs)        000F93
_TRISC                                     (abs)        000F94
_TRISD                                     (abs)        000F95
_TRISE                                     (abs)        000F96
_Timer0_InterruptHandler                   bssBANK0     00008B
_Timer1_InterruptHandler                   bssBANK0     000087
_Timer2_InterruptHandler                   bssBANK0     000083
_Timer3_InterruptHandler                   bssBANK0     000081
__HRAM                                     (abs)        000000
__H__absolute__                            __absolute__ 000000
__Habs1                                    abs1         000000
__Hbank0                                   bank0        000000
__Hbank1                                   bank1        000000
__Hbank10                                  bank10       000000
__Hbank11                                  bank11       000000
__Hbank12                                  bank12       000000
__Hbank13                                  bank13       000000
__Hbank14                                  bank14       000000
__Hbank15                                  bank15       000000
__Hbank2                                   bank2        000000
__Hbank3                                   bank3        000000
__Hbank4                                   bank4        000000
__Hbank5                                   bank5        000000
__Hbank6                                   bank6        000000
__Hbank7                                   bank7        000000
__Hbank8                                   bank8        000000
__Hbank9                                   bank9        000000
__Hbigbss                                  bigbss       000000
__Hbigdata                                 bigdata      000000
__Hbigram                                  bigram       000000
__Hbigsfr                                  bigsfr       000000
__Hbss                                     bss          000000
__HbssBANK0                                bssBANK0     000000
__HbssBANK1                                bssBANK1     000000
__HbssCOMRAM                               bssCOMRAM    000000
__Hcinit                                   cinit        000000
__Hclrtext                                 clrtext      000000
__Hcomram                                  comram       000000
__Hconfig                                  config       30000E
__Hconst                                   const        000000
__HcstackBANK0                             cstackBANK0  000000
__HcstackCOMRAM                            cstackCOMRAM 000000
__Hdata                                    data         000000
__HdataBANK0                               dataBANK0    000000
__HdataCOMRAM                              dataCOMRAM   000000
__Heeprom_data                             eeprom_data  000000
__Hfarbss                                  farbss       000000
__Hfardata                                 fardata      000000
__Hheap                                    heap         000000
__Hibigdata                                ibigdata     000000
__Hidata                                   idata        000000
__HidataBANK0                              idataBANK0   000000
__HidataCOMRAM                             idataCOMRAM  000000
__Hidloc                                   idloc        000000
__Hifardata                                ifardata     000000
__Hinit                                    init         000172
__Hintcode                                 intcode      00016E
__Hintcode_body                            intcode_body 000000
__Hintcodelo                               intcodelo    00016E
__Hintentry                                intentry     000000
__Hintret                                  intret       000000
__Hintsave_regs                            intsave_regs 000000
__Hirdata                                  irdata       000000
__Hmediumconst                             mediumconst  000000
__HnvFARRAM                                nvFARRAM     000000
__Hnvbit                                   nvbit        000000
__Hnvrram                                  nvrram       000000
__Hparam                                   rparam       000000
__Hpowerup                                 powerup      00016E
__Hram                                     ram          000000
__Hramtop                                  ramtop       001000
__Hrbit                                    rbit         000000
__Hrbss                                    rbss         000000
__Hrdata                                   rdata        000000
__Hreset_vec                               reset_vec    000004
__Hrparam                                  rparam       000000
__Hsfr                                     sfr          000000
__Hsivt_hi                                 sivt_hi      000000
__Hsivt_lo                                 sivt_lo      000000
__Hsmallconst                              smallconst   00102E
__Hspace_0                                 (abs)        00298A
__Hspace_1                                 (abs)        000120
__Hspace_2                                 (abs)        000000
__Hspace_4                                 (abs)        60000E
__Hstack                                   stack        000000
__Hstruct                                  struct       000000
__Htemp                                    temp         000057
__Htext                                    text         000000
__Htext0                                   text0        000000
__Htext1                                   text1        000000
__Htext10                                  text10       000000
__Htext11                                  text11       000000
__Htext12                                  text12       000000
__Htext13                                  text13       000000
__Htext14                                  text14       000000
__Htext15                                  text15       000000
__Htext16                                  text16       000000
__Htext17                                  text17       000000
__Htext18                                  text18       000000
__Htext19                                  text19       000000
__Htext2                                   text2        000000
__Htext20                                  text20       000000
__Htext21                                  text21       000000
__Htext22                                  text22       000000
__Htext23                                  text23       000000
__Htext24                                  text24       000000
__Htext25                                  text25       000000
__Htext26                                  text26       000000
__Htext27                                  text27       000000
__Htext28                                  text28       000000
__Htext29                                  text29       000000
__Htext3                                   text3        000000
__Htext30                                  text30       000000
__Htext31                                  text31       000000
__Htext32                                  text32       000000
__Htext33                                  text33       000000
__Htext34                                  text34       000000
__Htext36                                  text36       000000
__Htext37                                  text37       000000
__Htext38                                  text38       000000
__Htext39                                  text39       000000
__Htext4                                   text4        000000
__Htext40                                  text40       000000
__Htext41                                  text41       000000
__Htext42                                  text42       000000
__Htext43                                  text43       000000
__Htext44                                  text44       000000
__Htext5                                   text5        000000
__Htext6                                   text6        000000
__Htext7                                   text7        000000
__Htext8                                   text8        000000
__Htext9                                   text9        000000
__LRAM                                     (abs)        000001
__L__absolute__                            __absolute__ 000000
__Labs1                                    abs1         000000
__Lbank0                                   bank0        000000
__Lbank1                                   bank1        000000
__Lbank10                                  bank10       000000
__Lbank11                                  bank11       000000
__Lbank12                                  bank12       000000
__Lbank13                                  bank13       000000
__Lbank14                                  bank14       000000
__Lbank15                                  bank15       000000
__Lbank2                                   bank2        000000
__Lbank3                                   bank3        000000
__Lbank4                                   bank4        000000
__Lbank5                                   bank5        000000
__Lbank6                                   bank6        000000
__Lbank7                                   bank7        000000
__Lbank8                                   bank8        000000
__Lbank9                                   bank9        000000
__Lbigbss                                  bigbss       000000
__Lbigdata                                 bigdata      000000
__Lbigram                                  bigram       000000
__Lbigsfr                                  bigsfr       000000
__Lbss                                     bss          000000
__LbssBANK0                                bssBANK0     000000
__LbssBANK1                                bssBANK1     000000
__LbssCOMRAM                               bssCOMRAM    000000
__Lcinit                                   cinit        000000
__Lclrtext                                 clrtext      000000
__Lcomram                                  comram       000000
__Lconfig                                  config       000000
__Lconst                                   const        000000
__LcstackBANK0                             cstackBANK0  000000
__LcstackCOMRAM                            cstackCOMRAM 000000
__Ldata                                    data         000000
__LdataBANK0                               dataBANK0    000000
__LdataCOMRAM                              dataCOMRAM   000000
__Leeprom_data                             eeprom_data  000000
__Lfarbss                                  farbss       000000
__Lfardata                                 fardata      000000
__Lheap                                    heap         000000
__Libigdata                                ibigdata     000000
__Lidata                                   idata        000000
__LidataBANK0                              idataBANK0   000000
__LidataCOMRAM                             idataCOMRAM  000000
__Lidloc                                   idloc        000000
__Lifardata                                ifardata     000000
__Linit                                    init         00016E
__Lintcode                                 intcode      000008
__Lintcode_body                            intcode_body 000000
__Lintcodelo                               intcodelo    00016E
__Lintentry                                intentry     000000
__Lintret                                  intret       000000
__Lintsave_regs                            intsave_regs 000000
__Lirdata                                  irdata       000000
__Lmediumconst                             mediumconst  000000
__LnvFARRAM                                nvFARRAM     000000
__Lnvbit                                   nvbit        000000
__Lnvrram                                  nvrram       000000
__Lparam                                   rparam       000000
__Lpowerup                                 powerup      00016E
__Lram                                     ram          000000
__Lramtop                                  ramtop       001000
__Lrbit                                    rbit         000000
__Lrbss                                    rbss         000000
__Lrdata                                   rdata        000000
__Lreset_vec                               reset_vec    000000
__Lrparam                                  rparam       000000
__Lsfr                                     sfr          000000
__Lsivt_hi                                 sivt_hi      000000
__Lsivt_lo                                 sivt_lo      000000
__Lsmallconst                              smallconst   001000
__Lspace_0                                 (abs)        000000
__Lspace_1                                 (abs)        000000
__Lspace_2                                 (abs)        000000
__Lspace_4                                 (abs)        000000
__Lstack                                   stack        000000
__Lstruct                                  struct       000000
__Ltemp                                    temp         000056
__Ltext                                    text         000000
__Ltext0                                   text0        000000
__Ltext1                                   text1        000000
__Ltext10                                  text10       000000
__Ltext11                                  text11       000000
__Ltext12                                  text12       000000
__Ltext13                                  text13       000000
__Ltext14                                  text14       000000
__Ltext15                                  text15       000000
__Ltext16                                  text16       000000
__Ltext17                                  text17       000000
__Ltext18                                  text18       000000
__Ltext19                                  text19       000000
__Ltext2                                   text2        000000
__Ltext20                                  text20       000000
__Ltext21                                  text21       000000
__Ltext22                                  text22       000000
__Ltext23                                  text23       000000
__Ltext24                                  text24       000000
__Ltext25                                  text25       000000
__Ltext26                                  text26       000000
__Ltext27                                  text27       000000
__Ltext28                                  text28       000000
__Ltext29                                  text29       000000
__Ltext3                                   text3        000000
__Ltext30                                  text30       000000
__Ltext31                                  text31       000000
__Ltext32                                  text32       000000
__Ltext33                                  text33       000000
__Ltext34                                  text34       000000
__Ltext36                                  text36       000000
__Ltext37                                  text37       000000
__Ltext38                                  text38       000000
__Ltext39                                  text39       000000
__Ltext4                                   text4        000000
__Ltext40                                  text40       000000
__Ltext41                                  text41       000000
__Ltext42                                  text42       000000
__Ltext43                                  text43       000000
__Ltext44                                  text44       000000
__Ltext5                                   text5        000000
__Ltext6                                   text6        000000
__Ltext7                                   text7        000000
__Ltext8                                   text8        000000
__Ltext9                                   text9        000000
__S0                                       (abs)        00298A
__S1                                       (abs)        000120
__S4                                       (abs)        000000
__S5                                       (abs)        000000
___flmul                                   text30       00102E
___flmul@a                                 cstackCOMRAM 00001B
___flmul@aexp                              cstackCOMRAM 000028
___flmul@b                                 cstackCOMRAM 000017
___flmul@bexp                              cstackCOMRAM 000029
___flmul@grs                               cstackCOMRAM 000024
___flmul@prod                              cstackCOMRAM 00002A
___flmul@sign                              cstackCOMRAM 000023
___flmul@temp                              cstackCOMRAM 00002E
___fltol                                   text29       001BB0
___fltol@exp1                              cstackBANK0  0000E6
___fltol@f1                                cstackCOMRAM 000030
___fltol@sign1                             cstackBANK0  0000E5
___heap_hi                                 (abs)        000000
___heap_lo                                 (abs)        000000
___inthi_sp                                stack        000000
___inthi_stack_hi                          stack        000000
___inthi_stack_lo                          stack        000000
___intlo_sp                                stack        000000
___intlo_stack_hi                          stack        000000
___intlo_stack_lo                          stack        000000
___lwdiv                                   text13       002200
___lwdiv@counter                           cstackCOMRAM 00000D
___lwdiv@dividend                          cstackCOMRAM 000009
___lwdiv@divisor                           cstackCOMRAM 00000B
___lwdiv@quotient                          cstackCOMRAM 00000E
___lwmod                                   text12       00248C
___lwmod@counter                           cstackCOMRAM 00000D
___lwmod@dividend                          cstackCOMRAM 000009
___lwmod@divisor                           cstackCOMRAM 00000B
___param_bank                              (abs)        000000
___rparam_used                             (abs)        000001
___sp                                      stack        000000
___stack_hi                                stack        000000
___stack_lo                                stack        000000
___xxtofl                                  text28       00165E
___xxtofl@arg                              cstackCOMRAM 000013
___xxtofl@exp                              cstackCOMRAM 000012
___xxtofl@sign                             cstackCOMRAM 000011
___xxtofl@val                              cstackCOMRAM 000009
__accesstop                                (abs)        000060
__activetblptr                             (abs)        000003
__end_of_ADC_GetConversionResult           text44       002002
__end_of_ADC_ISR                           text42       002926
__end_of_ADC_Interrupt                     text43       0022E6
__end_of_ADC_SelectChannel                 text33       00289C
__end_of_ADC_StartConversion               text32       002940
__end_of_ADC_StartConversion_Interrupt     text31       00283A
__end_of_ADC_init                          text25       0020AE
__end_of_INT0_ISR                          text41       002988
__end_of_InterruptManager                  intcode      00016E
__end_of_RB4_ISR                           text40       00295A
__end_of_TMR0_ISR                          text39       002984
__end_of_TMR1_ISR                          text38       002980
__end_of_TMR2_ISR                          text37       00297C
__end_of_TMR3_ISR                          text36       002978
__end_of___flmul                           text30       001458
__end_of___fltol                           text29       001CB8
__end_of___lwdiv                           text13       002274
__end_of___lwmod                           text12       0024F0
__end_of___xxtofl                          text28       001812
__end_of__initialization                   cinit        00234A
__end_of_adc_input_channel_port_configure  text34       001DAA
__end_of_application_initialize            text14       00296A
__end_of_convert_short_to_string           text6        001F50
__end_of_ecu_layer_initialize              text15       00286C
__end_of_fputc                             text10       002158
__end_of_gpio_pin_direction_initializion   text24       001AA0
__end_of_gpio_pin_initialization           text22       00260E
__end_of_gpio_pin_write_logic              text23       001BB0
__end_of_keypad_initialization             text21       0025B0
__end_of_keypad_value                      smallconst   001011
__end_of_lcd_4bit_initialize               text17       001E9A
__end_of_lcd_4bit_send_char_data           text5        0026C8
__end_of_lcd_4bit_send_char_string_pos     text3        002200
__end_of_lcd_4bit_send_command             text18       002550
__end_of_lcd_4bit_send_enable_signal       text20       00279E
__end_of_lcd_4bit_set_cusrsor              text4        00248C
__end_of_lcd_send_4bit                     text19       0023C2
__end_of_led_initialization                text16       002428
__end_of_main                              text0        00165E
__end_of_motor_move_backward               text2        0028F8
__end_of_motor_move_forward                text1        0028CA
__end_of_putch                             text11       00298A
__end_of_select_result_format              text27       002720
__end_of_select_voltage_reference          text26       00266C
__end_of_sprintf                           text7        002806
__end_of_vfpfcnvrt                         text9        00198E
__end_of_vfprintf                          text8        002760
__initialization                           cinit        0022E6
__mediumconst                              mediumconst  000000
__pbssBANK0                                bssBANK0     000060
__pbssBANK1                                bssBANK1     000100
__pbssCOMRAM                               bssCOMRAM    000034
__pcinit                                   cinit        0022E6
__pcstackBANK0                             cstackBANK0  0000E1
__pcstackCOMRAM                            cstackCOMRAM 000001
__pdataBANK0                               dataBANK0    0000AD
__pdataCOMRAM                              dataCOMRAM   00004D
__pidataBANK0                              idataBANK0   00279E
__pidataCOMRAM                             idataCOMRAM  00296A
__pintcode                                 intcode      000008
__psmallconst                              smallconst   001000
__ptext0                                   text0        001458
__ptext1                                   text1        00289C
__ptext10                                  text10       0020AE
__ptext11                                  text11       002988
__ptext12                                  text12       00248C
__ptext13                                  text13       002200
__ptext14                                  text14       00295A
__ptext15                                  text15       00283A
__ptext16                                  text16       0023C2
__ptext17                                  text17       001DAA
__ptext18                                  text18       0024F0
__ptext19                                  text19       002354
__ptext2                                   text2        0028CA
__ptext20                                  text20       002760
__ptext21                                  text21       002550
__ptext22                                  text22       0025B0
__ptext23                                  text23       001AA0
__ptext24                                  text24       00198E
__ptext25                                  text25       002002
__ptext26                                  text26       00260E
__ptext27                                  text27       0026C8
__ptext28                                  text28       00165E
__ptext29                                  text29       001BB0
__ptext3                                   text3        002158
__ptext30                                  text30       00102E
__ptext31                                  text31       002806
__ptext32                                  text32       002926
__ptext33                                  text33       00286C
__ptext34                                  text34       001CB8
__ptext36                                  text36       002974
__ptext37                                  text37       002978
__ptext38                                  text38       00297C
__ptext39                                  text39       002980
__ptext4                                   text4        002428
__ptext40                                  text40       002940
__ptext41                                  text41       002984
__ptext42                                  text42       0028F8
__ptext43                                  text43       002274
__ptext44                                  text44       001F50
__ptext5                                   text5        00266C
__ptext6                                   text6        001E9A
__ptext7                                   text7        0027D2
__ptext8                                   text8        002720
__ptext9                                   text9        001812
__ramtop                                   ramtop       001000
__smallconst                               smallconst   001000
_adc_1                                     dataBANK0    0000CB
_adc_input_channel_port_configure          text34       001CB8
_adc_res_1                                 bssCOMRAM    00004B
_adc_res_1_txt                             bssBANK0     0000A7
_adc_res_2                                 bssCOMRAM    000049
_adc_res_2_txt                             bssBANK0     0000A1
_adc_res_3                                 bssBANK0     00008D
_adc_res_3_txt                             bssBANK0     00006B
_application_initialize                    text14       00295A
_convert_short_to_string                   text6        001E9A
_dbuf                                      bssBANK1     000100
_ecu_layer_initialize                      text15       00283A
_flags                                     bssCOMRAM    00003C
_fputc                                     text10       0020AE
_gpio_pin_direction_initializion           text24       00198E
_gpio_pin_initialization                   text22       0025B0
_gpio_pin_write_logic                      text23       001AA0
_keypad                                    dataBANK0    0000D3
_keypad_initialization                     text21       002550
_keypad_value                              smallconst   001001
_lat_register                              dataBANK0    0000B7
_lcd_1                                     dataBANK0    0000DB
_lcd_4bit_initialize                       text17       001DAA
_lcd_4bit_send_char_data                   text5        00266C
_lcd_4bit_send_char_string_pos             text3        002158
_lcd_4bit_send_command                     text18       0024F0
_lcd_4bit_send_enable_signal               text20       002760
_lcd_4bit_set_cusrsor                      text4        002428
_lcd_send_4bit                             text19       002354
_led1                                      dataCOMRAM   000055
_led2                                      dataCOMRAM   000054
_led3                                      dataCOMRAM   000053
_led4                                      dataCOMRAM   000052
_led_initialization                        text16       0023C2
_lm35_res                                  bssCOMRAM    000047
_lm35_res_celsuis_mv                       bssCOMRAM    000034
_main                                      text0        001458
_motor1                                    dataCOMRAM   000050
_motor2                                    dataCOMRAM   00004E
_motor_move_backward                       text2        0028CA
_motor_move_forward                        text1        00289C
_port_register                             dataBANK0    0000AD
_prec                                      bssBANK0     00007D
_program_selected                          bssCOMRAM    00003F
_putch                                     text11       002988
_ret                                       dataCOMRAM   00004D
_select_result_format                      text27       0026C8
_select_voltage_reference                  text26       00260E
_sprintf                                   text7        0027D2
_timer0_preload_val                        bssBANK0     000089
_timer1_preload_val                        bssBANK0     000085
_timer2_preload_val                        bssCOMRAM    00003D
_timer3_preload_val                        bssBANK0     00007F
_tris_register                             dataBANK0    0000C1
_vfpfcnvrt                                 text9        001812
_vfprintf                                  text8        002720
_width                                     bssBANK0     00007B
adc_input_channel_port_configure@channel   cstackCOMRAM 00000B
btemp                                      temp         000056
convert_short_to_string@l_counter          cstackBANK0  0000E8
convert_short_to_string@ret                cstackBANK0  0000E7
convert_short_to_string@str                cstackCOMRAM 000032
convert_short_to_string@temp               cstackBANK0  0000E1
convert_short_to_string@value              cstackCOMRAM 000030
end_of_initialization                      cinit        00234A
fputc@c                                    cstackCOMRAM 000009
fputc@fp                                   cstackCOMRAM 00000B
gpio_pin_direction_initializion@pin_config cstackCOMRAM 000009
gpio_pin_direction_initializion@ret        cstackCOMRAM 00000F
gpio_pin_initialization@pin_config         cstackCOMRAM 000011
gpio_pin_initialization@ret                cstackCOMRAM 000013
gpio_pin_write_logic@logic                 cstackCOMRAM 00000A
gpio_pin_write_logic@pin_config            cstackCOMRAM 000009
gpio_pin_write_logic@ret                   cstackCOMRAM 000010
int$flags                                  temp         000056
intlevel0                                  text         000000
intlevel1                                  text         000000
intlevel2                                  text         000000
intlevel3                                  text         000000
isa$std                                    (abs)        000001
isa$xinst                                  (abs)        000000
keypad_initialization@columns_counter      cstackCOMRAM 000016
keypad_initialization@keypad               cstackCOMRAM 000014
keypad_initialization@rows_counter         cstackCOMRAM 000015
lcd_4bit_initialize@l_counter              cstackCOMRAM 00001B
lcd_4bit_initialize@lcd                    cstackCOMRAM 000017
lcd_4bit_initialize@ret                    cstackCOMRAM 00001A
lcd_4bit_send_char_data@data               cstackCOMRAM 000015
lcd_4bit_send_char_data@lcd                cstackCOMRAM 000014
lcd_4bit_send_char_data@ret                cstackCOMRAM 000016
lcd_4bit_send_char_string_pos@col          cstackCOMRAM 00001D
lcd_4bit_send_char_string_pos@lcd          cstackCOMRAM 00001B
lcd_4bit_send_char_string_pos@ret          cstackCOMRAM 000020
lcd_4bit_send_char_string_pos@row          cstackCOMRAM 00001C
lcd_4bit_send_char_string_pos@str          cstackCOMRAM 00001E
lcd_4bit_send_command@command              cstackCOMRAM 000015
lcd_4bit_send_command@lcd                  cstackCOMRAM 000014
lcd_4bit_send_command@ret                  cstackCOMRAM 000016
lcd_4bit_send_enable_signal@lcd            cstackCOMRAM 000011
lcd_4bit_send_enable_signal@ret            cstackCOMRAM 000012
lcd_4bit_set_cusrsor@col                   cstackCOMRAM 000019
lcd_4bit_set_cusrsor@lcd                   cstackCOMRAM 000017
lcd_4bit_set_cusrsor@ret                   cstackCOMRAM 00001A
lcd_4bit_set_cusrsor@row                   cstackCOMRAM 000018
lcd_send_4bit@_command                     cstackCOMRAM 000012
lcd_send_4bit@lcd                          cstackCOMRAM 000011
lcd_send_4bit@ret                          cstackCOMRAM 000013
led_initialization@F3310                   bssCOMRAM    000046
led_initialization@led                     cstackCOMRAM 000014
led_initialization@pin_obj                 cstackCOMRAM 000016
led_toggle@F3325                           bssCOMRAM    000043
led_turn_off@F3320                         bssCOMRAM    000044
led_turn_on@F3315                          bssCOMRAM    000045
motor_move_backward@motor                  cstackCOMRAM 000011
motor_move_forward@motor                   cstackCOMRAM 000011
relay_initialization@F3304                 bssCOMRAM    000042
relay_turn_off@F3314                       bssCOMRAM    000040
relay_turn_on@F3309                        bssCOMRAM    000041
select_result_format@adc                   cstackCOMRAM 000009
select_voltage_reference@adc               cstackCOMRAM 000009
sprintf@ap                                 cstackCOMRAM 000023
sprintf@f                                  cstackCOMRAM 000024
sprintf@fmt                                cstackCOMRAM 000020
sprintf@s                                  cstackCOMRAM 00001F
stackhi                                    (abs)        000000
stacklo                                    (abs)        000000
start                                      init         00016E
start_initialization                       cinit        0022E6
ttemp5                                     temp         000057
ttemp6                                     temp         00005A
ttemp7                                     temp         00005E
vfpfcnvrt@ap                               cstackCOMRAM 000013
vfpfcnvrt@c                                cstackCOMRAM 00001A
vfpfcnvrt@convarg                          cstackCOMRAM 000015
vfpfcnvrt@cp                               cstackCOMRAM 000019
vfpfcnvrt@fmt                              cstackCOMRAM 000012
vfpfcnvrt@fp                               cstackCOMRAM 000011
vfprintf@ap                                cstackCOMRAM 00001D
vfprintf@cfmt                              cstackCOMRAM 00001E
vfprintf@fmt                               cstackCOMRAM 00001C
vfprintf@fp                                cstackCOMRAM 00001B
wtemp8                                     temp         000057


MODULE INFORMATION

Module		Function		Class		Link	Load	Size
C:\Program Files\Microchip\xc8\v2.46\pic\sources\c99\common\fltol.c
		___fltol       		CODE           	1BB0	0000	264

C:\Program Files\Microchip\xc8\v2.46\pic\sources\c99\common\fltol.c estimated size: 264

C:\Program Files\Microchip\xc8\v2.46\pic\sources\c99\common\nf_fputc.c
		_fputc         		CODE           	20AE	0000	170

C:\Program Files\Microchip\xc8\v2.46\pic\sources\c99\common\nf_fputc.c estimated size: 170

C:\Program Files\Microchip\xc8\v2.46\pic\sources\c99\common\lwdiv.c
		___lwdiv       		CODE           	2200	0000	116

C:\Program Files\Microchip\xc8\v2.46\pic\sources\c99\common\lwdiv.c estimated size: 116

C:\Program Files\Microchip\xc8\v2.46\pic\sources\c99\common\xxtofl.c
		___xxtofl      		CODE           	165E	0000	436

C:\Program Files\Microchip\xc8\v2.46\pic\sources\c99\common\xxtofl.c estimated size: 436

MCAL_Layer/interrupt/interrupt_manager.c
		_InterruptManager		CODE           	0008	0000	358

MCAL_Layer/interrupt/interrupt_manager.c estimated size: 358

C:\Program Files\Microchip\xc8\v2.46\pic\sources\c99\common\sprcmul.c
		___flmul       		CODE           	102E	0000	1066

C:\Program Files\Microchip\xc8\v2.46\pic\sources\c99\common\sprcmul.c estimated size: 1066

ECU_Layer/motor/ecu_motor.c
		_motor_move_backward		CODE           	28CA	0000	46
		_motor_move_forward		CODE           	289C	0000	46

ECU_Layer/motor/ecu_motor.c estimated size: 92

MCAL_Layer/Timers/hal_timer2.c
		_TMR2_ISR      		CODE           	2978	0000	4

MCAL_Layer/Timers/hal_timer2.c estimated size: 4

MCAL_Layer/Timers/hal_timer0.c
		_TMR0_ISR      		CODE           	2980	0000	4

MCAL_Layer/Timers/hal_timer0.c estimated size: 4

C:\Program Files\Microchip\xc8\v2.46\pic\sources\c99\common\doprnt.c
		_vfpfcnvrt     		CODE           	1812	0000	380
		_vfprintf      		CODE           	2720	0000	64

C:\Program Files\Microchip\xc8\v2.46\pic\sources\c99\common\doprnt.c estimated size: 444

C:\Program Files\Microchip\xc8\v2.46\pic\sources\c99\common\nf_sprintf.c
		_sprintf       		CODE           	27D2	0000	52

C:\Program Files\Microchip\xc8\v2.46\pic\sources\c99\common\nf_sprintf.c estimated size: 52

ECU_Layer/keypad/ecu_keypad.c
		_keypad_initialization		CODE           	2550	0000	96

ECU_Layer/keypad/ecu_keypad.c estimated size: 96

MCAL_Layer/interrupt/external_interrupt.c
		_RB4_ISR       		CODE           	2940	0000	26
		_INT0_ISR      		CODE           	2984	0000	4

MCAL_Layer/interrupt/external_interrupt.c estimated size: 30

shared
		__initialization		CODE           	22E6	0000	100
		_keypad_value  		SMALLCONST     	1001	0000	16

shared estimated size: 116

C:\Program Files\Microchip\xc8\v2.46\pic\sources\c99\common\putch.c
		_putch         		CODE           	2988	0000	2

C:\Program Files\Microchip\xc8\v2.46\pic\sources\c99\common\putch.c estimated size: 2

MCAL_Layer/ADC/hal_adc.c
		_ADC_StartConversion_Interrupt		CODE           	2806	0000	52
		_adc_input_channel_port_configure		CODE           	1CB8	0000	242
		_ADC_init      		CODE           	2002	0000	172
		_ADC_GetConversionResult		CODE           	1F50	0000	178
		_ADC_StartConversion		CODE           	2926	0000	26
		_ADC_ISR       		CODE           	28F8	0000	46
		_ADC_SelectChannel		CODE           	286C	0000	48
		_select_result_format		CODE           	26C8	0000	88
		_select_voltage_reference		CODE           	260E	0000	94

MCAL_Layer/ADC/hal_adc.c estimated size: 946

MCAL_Layer/GPIO/hal_gpio.c
		_gpio_pin_write_logic		CODE           	1AA0	0000	272
		_gpio_pin_initialization		CODE           	25B0	0000	94
		_gpio_pin_direction_initializion		CODE           	198E	0000	274

MCAL_Layer/GPIO/hal_gpio.c estimated size: 640

ECU_Layer/LED/ecu_led.c
		_led_initialization		CODE           	23C2	0000	102

ECU_Layer/LED/ecu_led.c estimated size: 102

ECU_Layer/ecu_layer_init.c
		_ecu_layer_initialize		CODE           	283A	0000	50

ECU_Layer/ecu_layer_init.c estimated size: 50

C:\Program Files\Microchip\xc8\v2.46\pic\sources\c99\common\lwmod.c
		___lwmod       		CODE           	248C	0000	100

C:\Program Files\Microchip\xc8\v2.46\pic\sources\c99\common\lwmod.c estimated size: 100

application.c
		_application_initialize		CODE           	295A	0000	16
		_main          		CODE           	1458	0000	518
		_ADC_Interrupt 		CODE           	2274	0000	114

application.c estimated size: 648

MCAL_Layer/Timers/hal_timer3.c
		_TMR3_ISR      		CODE           	2974	0000	4

MCAL_Layer/Timers/hal_timer3.c estimated size: 4

ECU_Layer/chr_lcd/chr_lcd.c
		_convert_short_to_string		CODE           	1E9A	0000	182
		_lcd_send_4bit 		CODE           	2354	0000	110
		_lcd_4bit_send_command		CODE           	24F0	0000	96
		_lcd_4bit_set_cusrsor		CODE           	2428	0000	100
		_lcd_4bit_send_char_data		CODE           	266C	0000	92
		_lcd_4bit_send_enable_signal		CODE           	2760	0000	62
		_lcd_4bit_send_char_string_pos		CODE           	2158	0000	168
		_lcd_4bit_initialize		CODE           	1DAA	0000	240

ECU_Layer/chr_lcd/chr_lcd.c estimated size: 1050

MCAL_Layer/Timers/hal_timer1.c
		_TMR1_ISR      		CODE           	297C	0000	4

MCAL_Layer/Timers/hal_timer1.c estimated size: 4

